(KEYWORD if)
(PUNCT "(")
(ID "x")
(PUNCT "==")
(PUNCT "-")
(LIT 1)
(PUNCT ")")
(PUNCT ":")
(NEWLINE)
(INDENT)
(KEYWORD return)
(LIT +1.i)
(NEWLINE)
(DEDENT)
(KEYWORD elif)
(ID "x")
(PUNCT "==")
(LIT .1e000)
(PUNCT ":")
(NEWLINE)
(INDENT)
(KEYWORD return)
(LIT 1)
(NEWLINE)
(DEDENT)
(KEYWORD else)
(NEWLINE)
(INDENT)
(KEYWORD return)
(LIT 1)
(DEDENT)
(ENDMARKER)
