(KEYWORD def)
(ID "foo")
(PUNCT "(")
(PUNCT ")")
(PUNCT ":")
(NEWLINE)
(KEYWORD return)
(LIT 2)
(NEWLINE)
(KEYWORD def)
(ID "bar")
(PUNCT "(")
(ID "x")
(PUNCT ")")
(PUNCT ":")
(NEWLINE)
(KEYWORD if)
(ID "x")
(PUNCT "==")
(LIT 0)
(PUNCT ":")
(NEWLINE)
(KEYWORD return)
(LIT 1)
(NEWLINE)
(KEYWORD else)
(PUNCT ":")
(NEWLINE)
(KEYWORD return)
(LIT 0)
(NEWLINE)
(KEYWORD def)
(ID "foobar")
(PUNCT "(")
(PUNCT ")")
(PUNCT ":")
(NEWLINE)
(INDENT)
(KEYWORD if)
(ID "x")
(PUNCT "==")
(LIT 1)
(PUNCT ":")
(NEWLINE)
(ID "y")
(PUNCT "=")
(LIT 2)
(NEWLINE)
(INDENT)
(KEYWORD else)
(PUNCT ":")
(NEWLINE)
(ID "y")
(PUNCT "=")
(LIT 3)
(NEWLINE)
(DEDENT)
(DEDENT)
(ENDMARKER)
