(KEYWORD if)
(LIT 1900)
(PUNCT "<")
(ID "year")
(PUNCT "<")
(LIT 2100)
(KEYWORD and)
(LIT 1)
(PUNCT "<=")
(ID "month")
(PUNCT "<=")
(LIT 12)
(KEYWORD and)
(LIT 1)
(PUNCT "<=")
(ID "day")
(PUNCT "<=")
(LIT 31)
(KEYWORD and)
(LIT 0)
(PUNCT "<=")
(ID "hour")
(PUNCT "<")
(LIT 24)
(KEYWORD and)
(LIT 0)
(PUNCT "<=")
(ID "minute")
(PUNCT "<")
(LIT 60)
(KEYWORD and)
(LIT 0)
(PUNCT "<=")
(ID "second")
(PUNCT "<")
(LIT 60)
(PUNCT ":")
(NEWLINE)
(INDENT)
(KEYWORD return)
(LIT 1)
(NEWLINE)
(DEDENT)
(ID "a")
(PUNCT "=")
(ERROR "unknown char: '\'")
(NEWLINE)
(INDENT)
(ID "b")
(NEWLINE)
(ID "d")
(PUNCT "=")
(ERROR "unknown char: '\'")
(NEWLINE)
(INDENT)
(ID "e")
(NEWLINE)
(DEDENT)
(DEDENT)
(ID "s")
(PUNCT "=")
(LIT "This is the #comment string")
(NEWLINE)
(ID "month_names")
(PUNCT "=")
(PUNCT "[")
(LIT "Januari")
(PUNCT ",")
(LIT "Februari")
(PUNCT ",")
(LIT "Maart")
(PUNCT ",")
(LIT "April")
(PUNCT ",")
(LIT "Mei")
(PUNCT ",")
(LIT "Juni")
(PUNCT ",")
(LIT "Juli")
(PUNCT ",")
(LIT "Augustus")
(PUNCT ",")
(LIT "September")
(PUNCT ",")
(LIT "Oktober")
(PUNCT ",")
(LIT "November")
(PUNCT ",")
(LIT "December")
(PUNCT "]")
(NEWLINE)
(KEYWORD def)
(ID "fact")
(PUNCT "(")
(ID "x")
(PUNCT ",")
(ID "y")
(PUNCT ")")
(PUNCT ":")
(NEWLINE)
(INDENT)
(KEYWORD if)
(ID "x")
(PUNCT "==")
(PUNCT "-")
(LIT 1)
(PUNCT ":")
(NEWLINE)
(INDENT)
(KEYWORD return)
(LIT +1.i)
(NEWLINE)
(DEDENT)
(KEYWORD elif)
(ID "x")
(PUNCT "==")
(LIT 0)
(PUNCT ":")
(NEWLINE)
(INDENT)
(KEYWORD return)
(LIT 1)
(NEWLINE)
(DEDENT)
(KEYWORD else)
(PUNCT ":")
(NEWLINE)
(INDENT)
(KEYWORD return)
(ID "x")
(PUNCT "*")
(ID "fact")
(PUNCT "(")
(ID "x")
(PUNCT "-")
(LIT 1)
(PUNCT ")")
(NEWLINE)
(DEDENT)
(DEDENT)
(ID "s")
(PUNCT "=")
(LIT "foo\\ \n\'\"")
(NEWLINE)
(ENDMARKER)
