(KEYWORD def)
(ID "fact")
(PUNCT "(")
(ID "x")
(PUNCT ")")
(PUNCT ":")
(NEWLINE)
(INDENT)
(KEYWORD if)
(ID "x")
(PUNCT "==")
(LIT 1)
(PUNCT ":")
(NEWLINE)
(INDENT)
(KEYWORD return)
(LIT 1)
(NEWLINE)
(DEDENT)
(KEYWORD else)
(PUNCT ":")
(NEWLINE)
(INDENT)
(KEYWORD return)
(ID "x")
(PUNCT "*")
(ID "fact")
(PUNCT "(")
(PUNCT "(")
(ID "x")
(PUNCT "+")
(PUNCT "(")
(LIT 3)
(PUNCT "-")
(LIT 1)
(PUNCT ")")
(PUNCT "+")
(LIT 3)
(PUNCT ")")
(PUNCT ")")
(DEDENT)
(DEDENT)
(ENDMARKER)
